---------------------------------------
System Monitoring Started: Fri Jun 20 12:42:37 +01 2025
---------------------------------------

Timestamp: Fri Jun 20 12:42:37 +01 2025
IP Address: 192.168.4.185 
CPU Temp: temp=42.8'C
CPU Usage: 10.4%
CPU Frequency: 1600.38 MHz
Throttle Status: throttled=0x0
Load Average:  0.09, 0.12, 0.15
GPU Memory: gpu=76M
---
Memory Usage:
               total        used        free      shared  buff/cache   available
Mem:           3.7Gi       1.1Gi       1.3Gi       3.0Mi       1.3Gi       2.4Gi
Swap:          2.0Gi          0B       2.0Gi
---
Disk Usage:
Filesystem      Size  Used Avail Use% Mounted on
/dev/mmcblk0p2   29G   14G   14G  50% /
-----------------------------

Timestamp: Fri Jun 20 12:42:48 +01 2025
IP Address: 192.168.4.185 
CPU Temp: temp=44.8'C
CPU Usage: 9.1%
CPU Frequency: 1800.46 MHz
Throttle Status: throttled=0x0
Load Average:  0.14, 0.13, 0.15
GPU Memory: gpu=76M
---
Memory Usage:
               total        used        free      shared  buff/cache   available
Mem:           3.7Gi       1.2Gi       1.3Gi       3.0Mi       1.3Gi       2.4Gi
Swap:          2.0Gi          0B       2.0Gi
---
Disk Usage:
Filesystem      Size  Used Avail Use% Mounted on
/dev/mmcblk0p2   29G   14G   14G  50% /
-----------------------------

Timestamp: Fri Jun 20 12:42:58 +01 2025
IP Address: 192.168.4.185 
CPU Temp: temp=43.8'C
CPU Usage: 8.8%
CPU Frequency: 1800.46 MHz
Throttle Status: throttled=0x0
Load Average:  0.12, 0.12, 0.15
GPU Memory: gpu=76M
---
Memory Usage:
               total        used        free      shared  buff/cache   available
Mem:           3.7Gi       1.2Gi       1.3Gi       3.0Mi       1.3Gi       2.4Gi
Swap:          2.0Gi          0B       2.0Gi
---
Disk Usage:
Filesystem      Size  Used Avail Use% Mounted on
/dev/mmcblk0p2   29G   14G   14G  50% /
-----------------------------

Timestamp: Fri Jun 20 12:43:08 +01 2025
IP Address: 192.168.4.185 
CPU Temp: temp=43.3'C
CPU Usage: 7.7%
CPU Frequency: 1700.42 MHz
Throttle Status: throttled=0x0
Load Average:  0.10, 0.12, 0.15
GPU Memory: gpu=76M
---
Memory Usage:
               total        used        free      shared  buff/cache   available
Mem:           3.7Gi       1.2Gi       1.3Gi       3.0Mi       1.3Gi       2.4Gi
Swap:          2.0Gi          0B       2.0Gi
---
Disk Usage:
Filesystem      Size  Used Avail Use% Mounted on
/dev/mmcblk0p2   29G   14G   14G  50% /
-----------------------------

Timestamp: Fri Jun 20 12:43:19 +01 2025
IP Address: 192.168.4.185 
CPU Temp: temp=43.3'C
CPU Usage: 11.7%
CPU Frequency: 1800.46 MHz
Throttle Status: throttled=0x0
Load Average:  0.08, 0.12, 0.15
GPU Memory: gpu=76M
---
Memory Usage:
               total        used        free      shared  buff/cache   available
Mem:           3.7Gi       1.2Gi       1.3Gi       3.0Mi       1.3Gi       2.4Gi
Swap:          2.0Gi          0B       2.0Gi
---
Disk Usage:
Filesystem      Size  Used Avail Use% Mounted on
/dev/mmcblk0p2   29G   14G   14G  50% /
-----------------------------
